// Jest Snapshot v1, https://goo.gl/fbAQLP

exports[`<Register/> should render without crashing 1`] = `
ShallowWrapper {
  Symbol(enzyme.__root__): [Circular],
  Symbol(enzyme.__unrendered__): <Register
    registerUser={[MockFunction]}
  />,
  Symbol(enzyme.__renderer__): Object {
    "batchedUpdates": [Function],
    "checkPropTypes": [Function],
    "getNode": [Function],
    "render": [Function],
    "simulateError": [Function],
    "simulateEvent": [Function],
    "unmount": [Function],
  },
  Symbol(enzyme.__node__): Object {
    "instance": null,
    "key": undefined,
    "nodeType": "host",
    "props": Object {
      "children": <div
        className="container"
      >
        <div
          className="row"
        >
          <div
            className="col-md-8 m-auto"
          >
            <h3
              className="display-4 text-center"
            >
              Sign Up
            </h3>
            <form
              noValidate={true}
              onSubmit={[Function]}
            >
              <div
                className="form-group"
              >
                <input
                  className="form-control form-control-lg"
                  name="name"
                  onChange={[Function]}
                  placeholder="Name"
                  type="text"
                  value=""
                />
              </div>
              <div
                className="form-group"
              >
                <input
                  className="form-control form-control-lg"
                  name="username"
                  onChange={[Function]}
                  placeholder="Username"
                  type="username"
                  value=""
                />
              </div>
              <div
                className="form-group"
              >
                <input
                  className="form-control form-control-lg"
                  name="password"
                  onChange={[Function]}
                  placeholder="Password"
                  type="password"
                  value=""
                />
              </div>
              <input
                className="btn btn-warning btn-block mt-4"
                type="submit"
              />
            </form>
            <div
              className="mt-4 text-center"
            />
            <div
              className="mt-4 text-right"
            >
              <p
                className="lead"
              >
                Already have an account? 
                <Link
                  className="my-color"
                  replace={false}
                  to="/login"
                >
                  Sign in
                </Link>
              </p>
            </div>
          </div>
        </div>
      </div>,
      "className": "flex-grow-1",
      "id": "register",
    },
    "ref": null,
    "rendered": Object {
      "instance": null,
      "key": undefined,
      "nodeType": "host",
      "props": Object {
        "children": <div
          className="row"
        >
          <div
            className="col-md-8 m-auto"
          >
            <h3
              className="display-4 text-center"
            >
              Sign Up
            </h3>
            <form
              noValidate={true}
              onSubmit={[Function]}
            >
              <div
                className="form-group"
              >
                <input
                  className="form-control form-control-lg"
                  name="name"
                  onChange={[Function]}
                  placeholder="Name"
                  type="text"
                  value=""
                />
              </div>
              <div
                className="form-group"
              >
                <input
                  className="form-control form-control-lg"
                  name="username"
                  onChange={[Function]}
                  placeholder="Username"
                  type="username"
                  value=""
                />
              </div>
              <div
                className="form-group"
              >
                <input
                  className="form-control form-control-lg"
                  name="password"
                  onChange={[Function]}
                  placeholder="Password"
                  type="password"
                  value=""
                />
              </div>
              <input
                className="btn btn-warning btn-block mt-4"
                type="submit"
              />
            </form>
            <div
              className="mt-4 text-center"
            />
            <div
              className="mt-4 text-right"
            >
              <p
                className="lead"
              >
                Already have an account? 
                <Link
                  className="my-color"
                  replace={false}
                  to="/login"
                >
                  Sign in
                </Link>
              </p>
            </div>
          </div>
        </div>,
        "className": "container",
      },
      "ref": null,
      "rendered": Object {
        "instance": null,
        "key": undefined,
        "nodeType": "host",
        "props": Object {
          "children": <div
            className="col-md-8 m-auto"
          >
            <h3
              className="display-4 text-center"
            >
              Sign Up
            </h3>
            <form
              noValidate={true}
              onSubmit={[Function]}
            >
              <div
                className="form-group"
              >
                <input
                  className="form-control form-control-lg"
                  name="name"
                  onChange={[Function]}
                  placeholder="Name"
                  type="text"
                  value=""
                />
              </div>
              <div
                className="form-group"
              >
                <input
                  className="form-control form-control-lg"
                  name="username"
                  onChange={[Function]}
                  placeholder="Username"
                  type="username"
                  value=""
                />
              </div>
              <div
                className="form-group"
              >
                <input
                  className="form-control form-control-lg"
                  name="password"
                  onChange={[Function]}
                  placeholder="Password"
                  type="password"
                  value=""
                />
              </div>
              <input
                className="btn btn-warning btn-block mt-4"
                type="submit"
              />
            </form>
            <div
              className="mt-4 text-center"
            />
            <div
              className="mt-4 text-right"
            >
              <p
                className="lead"
              >
                Already have an account? 
                <Link
                  className="my-color"
                  replace={false}
                  to="/login"
                >
                  Sign in
                </Link>
              </p>
            </div>
          </div>,
          "className": "row",
        },
        "ref": null,
        "rendered": Object {
          "instance": null,
          "key": undefined,
          "nodeType": "host",
          "props": Object {
            "children": Array [
              <h3
                className="display-4 text-center"
              >
                Sign Up
              </h3>,
              <form
                noValidate={true}
                onSubmit={[Function]}
              >
                <div
                  className="form-group"
                >
                  <input
                    className="form-control form-control-lg"
                    name="name"
                    onChange={[Function]}
                    placeholder="Name"
                    type="text"
                    value=""
                  />
                </div>
                <div
                  className="form-group"
                >
                  <input
                    className="form-control form-control-lg"
                    name="username"
                    onChange={[Function]}
                    placeholder="Username"
                    type="username"
                    value=""
                  />
                </div>
                <div
                  className="form-group"
                >
                  <input
                    className="form-control form-control-lg"
                    name="password"
                    onChange={[Function]}
                    placeholder="Password"
                    type="password"
                    value=""
                  />
                </div>
                <input
                  className="btn btn-warning btn-block mt-4"
                  type="submit"
                />
              </form>,
              <div
                className="mt-4 text-center"
              />,
              <div
                className="mt-4 text-right"
              >
                <p
                  className="lead"
                >
                  Already have an account? 
                  <Link
                    className="my-color"
                    replace={false}
                    to="/login"
                  >
                    Sign in
                  </Link>
                </p>
              </div>,
            ],
            "className": "col-md-8 m-auto",
          },
          "ref": null,
          "rendered": Array [
            Object {
              "instance": null,
              "key": undefined,
              "nodeType": "host",
              "props": Object {
                "children": "Sign Up",
                "className": "display-4 text-center",
              },
              "ref": null,
              "rendered": "Sign Up",
              "type": "h3",
            },
            Object {
              "instance": null,
              "key": undefined,
              "nodeType": "host",
              "props": Object {
                "children": Array [
                  <div
                    className="form-group"
                  >
                    <input
                      className="form-control form-control-lg"
                      name="name"
                      onChange={[Function]}
                      placeholder="Name"
                      type="text"
                      value=""
                    />
                  </div>,
                  <div
                    className="form-group"
                  >
                    <input
                      className="form-control form-control-lg"
                      name="username"
                      onChange={[Function]}
                      placeholder="Username"
                      type="username"
                      value=""
                    />
                  </div>,
                  <div
                    className="form-group"
                  >
                    <input
                      className="form-control form-control-lg"
                      name="password"
                      onChange={[Function]}
                      placeholder="Password"
                      type="password"
                      value=""
                    />
                  </div>,
                  <input
                    className="btn btn-warning btn-block mt-4"
                    type="submit"
                  />,
                ],
                "noValidate": true,
                "onSubmit": [Function],
              },
              "ref": null,
              "rendered": Array [
                Object {
                  "instance": null,
                  "key": undefined,
                  "nodeType": "host",
                  "props": Object {
                    "children": Array [
                      <input
                        className="form-control form-control-lg"
                        name="name"
                        onChange={[Function]}
                        placeholder="Name"
                        type="text"
                        value=""
                      />,
                      undefined,
                    ],
                    "className": "form-group",
                  },
                  "ref": null,
                  "rendered": Array [
                    Object {
                      "instance": null,
                      "key": undefined,
                      "nodeType": "host",
                      "props": Object {
                        "className": "form-control form-control-lg",
                        "name": "name",
                        "onChange": [Function],
                        "placeholder": "Name",
                        "type": "text",
                        "value": "",
                      },
                      "ref": null,
                      "rendered": null,
                      "type": "input",
                    },
                    undefined,
                  ],
                  "type": "div",
                },
                Object {
                  "instance": null,
                  "key": undefined,
                  "nodeType": "host",
                  "props": Object {
                    "children": Array [
                      <input
                        className="form-control form-control-lg"
                        name="username"
                        onChange={[Function]}
                        placeholder="Username"
                        type="username"
                        value=""
                      />,
                      undefined,
                    ],
                    "className": "form-group",
                  },
                  "ref": null,
                  "rendered": Array [
                    Object {
                      "instance": null,
                      "key": undefined,
                      "nodeType": "host",
                      "props": Object {
                        "className": "form-control form-control-lg",
                        "name": "username",
                        "onChange": [Function],
                        "placeholder": "Username",
                        "type": "username",
                        "value": "",
                      },
                      "ref": null,
                      "rendered": null,
                      "type": "input",
                    },
                    undefined,
                  ],
                  "type": "div",
                },
                Object {
                  "instance": null,
                  "key": undefined,
                  "nodeType": "host",
                  "props": Object {
                    "children": Array [
                      <input
                        className="form-control form-control-lg"
                        name="password"
                        onChange={[Function]}
                        placeholder="Password"
                        type="password"
                        value=""
                      />,
                      undefined,
                    ],
                    "className": "form-group",
                  },
                  "ref": null,
                  "rendered": Array [
                    Object {
                      "instance": null,
                      "key": undefined,
                      "nodeType": "host",
                      "props": Object {
                        "className": "form-control form-control-lg",
                        "name": "password",
                        "onChange": [Function],
                        "placeholder": "Password",
                        "type": "password",
                        "value": "",
                      },
                      "ref": null,
                      "rendered": null,
                      "type": "input",
                    },
                    undefined,
                  ],
                  "type": "div",
                },
                Object {
                  "instance": null,
                  "key": undefined,
                  "nodeType": "host",
                  "props": Object {
                    "className": "btn btn-warning btn-block mt-4",
                    "type": "submit",
                  },
                  "ref": null,
                  "rendered": null,
                  "type": "input",
                },
              ],
              "type": "form",
            },
            Object {
              "instance": null,
              "key": undefined,
              "nodeType": "host",
              "props": Object {
                "className": "mt-4 text-center",
              },
              "ref": null,
              "rendered": null,
              "type": "div",
            },
            Object {
              "instance": null,
              "key": undefined,
              "nodeType": "host",
              "props": Object {
                "children": <p
                  className="lead"
                >
                  Already have an account? 
                  <Link
                    className="my-color"
                    replace={false}
                    to="/login"
                  >
                    Sign in
                  </Link>
                </p>,
                "className": "mt-4 text-right",
              },
              "ref": null,
              "rendered": Object {
                "instance": null,
                "key": undefined,
                "nodeType": "host",
                "props": Object {
                  "children": Array [
                    "Already have an account? ",
                    <Link
                      className="my-color"
                      replace={false}
                      to="/login"
                    >
                      Sign in
                    </Link>,
                  ],
                  "className": "lead",
                },
                "ref": null,
                "rendered": Array [
                  "Already have an account? ",
                  Object {
                    "instance": null,
                    "key": undefined,
                    "nodeType": "class",
                    "props": Object {
                      "children": "Sign in",
                      "className": "my-color",
                      "replace": false,
                      "to": "/login",
                    },
                    "ref": null,
                    "rendered": "Sign in",
                    "type": [Function],
                  },
                ],
                "type": "p",
              },
              "type": "div",
            },
          ],
          "type": "div",
        },
        "type": "div",
      },
      "type": "div",
    },
    "type": "section",
  },
  Symbol(enzyme.__nodes__): Array [
    Object {
      "instance": null,
      "key": undefined,
      "nodeType": "host",
      "props": Object {
        "children": <div
          className="container"
        >
          <div
            className="row"
          >
            <div
              className="col-md-8 m-auto"
            >
              <h3
                className="display-4 text-center"
              >
                Sign Up
              </h3>
              <form
                noValidate={true}
                onSubmit={[Function]}
              >
                <div
                  className="form-group"
                >
                  <input
                    className="form-control form-control-lg"
                    name="name"
                    onChange={[Function]}
                    placeholder="Name"
                    type="text"
                    value=""
                  />
                </div>
                <div
                  className="form-group"
                >
                  <input
                    className="form-control form-control-lg"
                    name="username"
                    onChange={[Function]}
                    placeholder="Username"
                    type="username"
                    value=""
                  />
                </div>
                <div
                  className="form-group"
                >
                  <input
                    className="form-control form-control-lg"
                    name="password"
                    onChange={[Function]}
                    placeholder="Password"
                    type="password"
                    value=""
                  />
                </div>
                <input
                  className="btn btn-warning btn-block mt-4"
                  type="submit"
                />
              </form>
              <div
                className="mt-4 text-center"
              />
              <div
                className="mt-4 text-right"
              >
                <p
                  className="lead"
                >
                  Already have an account? 
                  <Link
                    className="my-color"
                    replace={false}
                    to="/login"
                  >
                    Sign in
                  </Link>
                </p>
              </div>
            </div>
          </div>
        </div>,
        "className": "flex-grow-1",
        "id": "register",
      },
      "ref": null,
      "rendered": Object {
        "instance": null,
        "key": undefined,
        "nodeType": "host",
        "props": Object {
          "children": <div
            className="row"
          >
            <div
              className="col-md-8 m-auto"
            >
              <h3
                className="display-4 text-center"
              >
                Sign Up
              </h3>
              <form
                noValidate={true}
                onSubmit={[Function]}
              >
                <div
                  className="form-group"
                >
                  <input
                    className="form-control form-control-lg"
                    name="name"
                    onChange={[Function]}
                    placeholder="Name"
                    type="text"
                    value=""
                  />
                </div>
                <div
                  className="form-group"
                >
                  <input
                    className="form-control form-control-lg"
                    name="username"
                    onChange={[Function]}
                    placeholder="Username"
                    type="username"
                    value=""
                  />
                </div>
                <div
                  className="form-group"
                >
                  <input
                    className="form-control form-control-lg"
                    name="password"
                    onChange={[Function]}
                    placeholder="Password"
                    type="password"
                    value=""
                  />
                </div>
                <input
                  className="btn btn-warning btn-block mt-4"
                  type="submit"
                />
              </form>
              <div
                className="mt-4 text-center"
              />
              <div
                className="mt-4 text-right"
              >
                <p
                  className="lead"
                >
                  Already have an account? 
                  <Link
                    className="my-color"
                    replace={false}
                    to="/login"
                  >
                    Sign in
                  </Link>
                </p>
              </div>
            </div>
          </div>,
          "className": "container",
        },
        "ref": null,
        "rendered": Object {
          "instance": null,
          "key": undefined,
          "nodeType": "host",
          "props": Object {
            "children": <div
              className="col-md-8 m-auto"
            >
              <h3
                className="display-4 text-center"
              >
                Sign Up
              </h3>
              <form
                noValidate={true}
                onSubmit={[Function]}
              >
                <div
                  className="form-group"
                >
                  <input
                    className="form-control form-control-lg"
                    name="name"
                    onChange={[Function]}
                    placeholder="Name"
                    type="text"
                    value=""
                  />
                </div>
                <div
                  className="form-group"
                >
                  <input
                    className="form-control form-control-lg"
                    name="username"
                    onChange={[Function]}
                    placeholder="Username"
                    type="username"
                    value=""
                  />
                </div>
                <div
                  className="form-group"
                >
                  <input
                    className="form-control form-control-lg"
                    name="password"
                    onChange={[Function]}
                    placeholder="Password"
                    type="password"
                    value=""
                  />
                </div>
                <input
                  className="btn btn-warning btn-block mt-4"
                  type="submit"
                />
              </form>
              <div
                className="mt-4 text-center"
              />
              <div
                className="mt-4 text-right"
              >
                <p
                  className="lead"
                >
                  Already have an account? 
                  <Link
                    className="my-color"
                    replace={false}
                    to="/login"
                  >
                    Sign in
                  </Link>
                </p>
              </div>
            </div>,
            "className": "row",
          },
          "ref": null,
          "rendered": Object {
            "instance": null,
            "key": undefined,
            "nodeType": "host",
            "props": Object {
              "children": Array [
                <h3
                  className="display-4 text-center"
                >
                  Sign Up
                </h3>,
                <form
                  noValidate={true}
                  onSubmit={[Function]}
                >
                  <div
                    className="form-group"
                  >
                    <input
                      className="form-control form-control-lg"
                      name="name"
                      onChange={[Function]}
                      placeholder="Name"
                      type="text"
                      value=""
                    />
                  </div>
                  <div
                    className="form-group"
                  >
                    <input
                      className="form-control form-control-lg"
                      name="username"
                      onChange={[Function]}
                      placeholder="Username"
                      type="username"
                      value=""
                    />
                  </div>
                  <div
                    className="form-group"
                  >
                    <input
                      className="form-control form-control-lg"
                      name="password"
                      onChange={[Function]}
                      placeholder="Password"
                      type="password"
                      value=""
                    />
                  </div>
                  <input
                    className="btn btn-warning btn-block mt-4"
                    type="submit"
                  />
                </form>,
                <div
                  className="mt-4 text-center"
                />,
                <div
                  className="mt-4 text-right"
                >
                  <p
                    className="lead"
                  >
                    Already have an account? 
                    <Link
                      className="my-color"
                      replace={false}
                      to="/login"
                    >
                      Sign in
                    </Link>
                  </p>
                </div>,
              ],
              "className": "col-md-8 m-auto",
            },
            "ref": null,
            "rendered": Array [
              Object {
                "instance": null,
                "key": undefined,
                "nodeType": "host",
                "props": Object {
                  "children": "Sign Up",
                  "className": "display-4 text-center",
                },
                "ref": null,
                "rendered": "Sign Up",
                "type": "h3",
              },
              Object {
                "instance": null,
                "key": undefined,
                "nodeType": "host",
                "props": Object {
                  "children": Array [
                    <div
                      className="form-group"
                    >
                      <input
                        className="form-control form-control-lg"
                        name="name"
                        onChange={[Function]}
                        placeholder="Name"
                        type="text"
                        value=""
                      />
                    </div>,
                    <div
                      className="form-group"
                    >
                      <input
                        className="form-control form-control-lg"
                        name="username"
                        onChange={[Function]}
                        placeholder="Username"
                        type="username"
                        value=""
                      />
                    </div>,
                    <div
                      className="form-group"
                    >
                      <input
                        className="form-control form-control-lg"
                        name="password"
                        onChange={[Function]}
                        placeholder="Password"
                        type="password"
                        value=""
                      />
                    </div>,
                    <input
                      className="btn btn-warning btn-block mt-4"
                      type="submit"
                    />,
                  ],
                  "noValidate": true,
                  "onSubmit": [Function],
                },
                "ref": null,
                "rendered": Array [
                  Object {
                    "instance": null,
                    "key": undefined,
                    "nodeType": "host",
                    "props": Object {
                      "children": Array [
                        <input
                          className="form-control form-control-lg"
                          name="name"
                          onChange={[Function]}
                          placeholder="Name"
                          type="text"
                          value=""
                        />,
                        undefined,
                      ],
                      "className": "form-group",
                    },
                    "ref": null,
                    "rendered": Array [
                      Object {
                        "instance": null,
                        "key": undefined,
                        "nodeType": "host",
                        "props": Object {
                          "className": "form-control form-control-lg",
                          "name": "name",
                          "onChange": [Function],
                          "placeholder": "Name",
                          "type": "text",
                          "value": "",
                        },
                        "ref": null,
                        "rendered": null,
                        "type": "input",
                      },
                      undefined,
                    ],
                    "type": "div",
                  },
                  Object {
                    "instance": null,
                    "key": undefined,
                    "nodeType": "host",
                    "props": Object {
                      "children": Array [
                        <input
                          className="form-control form-control-lg"
                          name="username"
                          onChange={[Function]}
                          placeholder="Username"
                          type="username"
                          value=""
                        />,
                        undefined,
                      ],
                      "className": "form-group",
                    },
                    "ref": null,
                    "rendered": Array [
                      Object {
                        "instance": null,
                        "key": undefined,
                        "nodeType": "host",
                        "props": Object {
                          "className": "form-control form-control-lg",
                          "name": "username",
                          "onChange": [Function],
                          "placeholder": "Username",
                          "type": "username",
                          "value": "",
                        },
                        "ref": null,
                        "rendered": null,
                        "type": "input",
                      },
                      undefined,
                    ],
                    "type": "div",
                  },
                  Object {
                    "instance": null,
                    "key": undefined,
                    "nodeType": "host",
                    "props": Object {
                      "children": Array [
                        <input
                          className="form-control form-control-lg"
                          name="password"
                          onChange={[Function]}
                          placeholder="Password"
                          type="password"
                          value=""
                        />,
                        undefined,
                      ],
                      "className": "form-group",
                    },
                    "ref": null,
                    "rendered": Array [
                      Object {
                        "instance": null,
                        "key": undefined,
                        "nodeType": "host",
                        "props": Object {
                          "className": "form-control form-control-lg",
                          "name": "password",
                          "onChange": [Function],
                          "placeholder": "Password",
                          "type": "password",
                          "value": "",
                        },
                        "ref": null,
                        "rendered": null,
                        "type": "input",
                      },
                      undefined,
                    ],
                    "type": "div",
                  },
                  Object {
                    "instance": null,
                    "key": undefined,
                    "nodeType": "host",
                    "props": Object {
                      "className": "btn btn-warning btn-block mt-4",
                      "type": "submit",
                    },
                    "ref": null,
                    "rendered": null,
                    "type": "input",
                  },
                ],
                "type": "form",
              },
              Object {
                "instance": null,
                "key": undefined,
                "nodeType": "host",
                "props": Object {
                  "className": "mt-4 text-center",
                },
                "ref": null,
                "rendered": null,
                "type": "div",
              },
              Object {
                "instance": null,
                "key": undefined,
                "nodeType": "host",
                "props": Object {
                  "children": <p
                    className="lead"
                  >
                    Already have an account? 
                    <Link
                      className="my-color"
                      replace={false}
                      to="/login"
                    >
                      Sign in
                    </Link>
                  </p>,
                  "className": "mt-4 text-right",
                },
                "ref": null,
                "rendered": Object {
                  "instance": null,
                  "key": undefined,
                  "nodeType": "host",
                  "props": Object {
                    "children": Array [
                      "Already have an account? ",
                      <Link
                        className="my-color"
                        replace={false}
                        to="/login"
                      >
                        Sign in
                      </Link>,
                    ],
                    "className": "lead",
                  },
                  "ref": null,
                  "rendered": Array [
                    "Already have an account? ",
                    Object {
                      "instance": null,
                      "key": undefined,
                      "nodeType": "class",
                      "props": Object {
                        "children": "Sign in",
                        "className": "my-color",
                        "replace": false,
                        "to": "/login",
                      },
                      "ref": null,
                      "rendered": "Sign in",
                      "type": [Function],
                    },
                  ],
                  "type": "p",
                },
                "type": "div",
              },
            ],
            "type": "div",
          },
          "type": "div",
        },
        "type": "div",
      },
      "type": "section",
    },
  ],
  Symbol(enzyme.__options__): Object {
    "adapter": ReactSixteenAdapter {
      "options": Object {
        "enableComponentDidUpdateOnSetState": true,
        "legacyContextMode": "parent",
        "lifecycles": Object {
          "componentDidUpdate": Object {
            "onSetState": true,
          },
          "getChildContext": Object {
            "calledByRenderer": false,
          },
          "getDerivedStateFromProps": true,
          "getSnapshotBeforeUpdate": true,
          "setState": Object {
            "skipsComponentDidUpdateOnNullish": true,
          },
        },
      },
    },
  },
}
`;
